// Jest Snapshot v1, https://goo.gl/fbAQLP

exports[`matches snapshot 1`] = `
<div
  className="CalcPage"
>
  <h2>
    Let's do some math!
  </h2>
  <div
    className="MainBody"
  >
    <div
      className="result"
    >
      0
       
       
    </div>
    <div
      className="num-symb"
    >
      <button
        className="buttons"
        onClick={[Function]}
        type="button"
      >
        AC
      </button>
      <button
        className="buttons"
        onClick={[Function]}
        type="button"
      >
        +/-
      </button>
      <button
        className="buttons"
        onClick={[Function]}
        type="button"
      >
        %
      </button>
      <button
        className="buttons operator"
        onClick={[Function]}
        type="button"
      >
        รท
      </button>
    </div>
    <div
      className="num-symb"
    >
      <button
        className="buttons"
        onClick={[Function]}
        type="button"
      >
        7
      </button>
      <button
        className="buttons"
        onClick={[Function]}
        type="button"
      >
        8
      </button>
      <button
        className="buttons"
        onClick={[Function]}
        type="button"
      >
        9
      </button>
      <button
        className="buttons operator"
        onClick={[Function]}
        type="button"
      >
        ร
      </button>
    </div>
    <div
      className="num-symb"
    >
      <button
        className="buttons"
        onClick={[Function]}
        type="button"
      >
        4
      </button>
      <button
        className="buttons"
        onClick={[Function]}
        type="button"
      >
        5
      </button>
      <button
        className="buttons"
        onClick={[Function]}
        type="button"
      >
        6
      </button>
      <button
        className="buttons operator"
        onClick={[Function]}
        type="button"
      >
        -
      </button>
    </div>
    <div
      className="num-symb"
    >
      <button
        className="buttons"
        onClick={[Function]}
        type="button"
      >
        1
      </button>
      <button
        className="buttons"
        onClick={[Function]}
        type="button"
      >
        2
      </button>
      <button
        className="buttons"
        onClick={[Function]}
        type="button"
      >
        3
      </button>
      <button
        className="buttons operator"
        onClick={[Function]}
        type="button"
      >
        +
      </button>
    </div>
    <div
      className="num-symb"
    >
      <button
        className="buttons"
        id="bigbtn"
        onClick={[Function]}
        type="button"
      >
        0
      </button>
      <button
        className="buttons"
        onClick={[Function]}
        type="button"
      >
        .
      </button>
      <button
        className="buttons operator"
        onClick={[Function]}
        type="button"
      >
        =
      </button>
    </div>
  </div>
</div>
`;
