// Jest Snapshot v1, https://goo.gl/fbAQLP

exports[`renders when there is quote 1`] = `
<div
  className="quotes"
>
  <p>
    "Mathematics is the language with which God has written the universe." â€” Galileo Galilei
  </p>
</div>
`;
